

================================================================
== Vivado HLS Report for 'dot_prod_kernel'
================================================================
* Date:           Mon Oct 15 04:59:26 2018

* Version:        2018.2_AR71275_op (Build 2258646 on Thu Jun 14 20:25:20 MDT 2018)
* Project:        dot_prod_kernel
* Solution:       solution
* Product family: virtexuplus
* Target device:  xcvu9p-flgb2104-2-i


================================================================
== Performance Estimates
================================================================
+ Timing (ns): 
    * Summary: 
    +--------+-------+----------+------------+
    |  Clock | Target| Estimated| Uncertainty|
    +--------+-------+----------+------------+
    |ap_clk  |   4.00|     2.920|        1.08|
    +--------+-------+----------+------------+

+ Latency (clock cycles): 
    * Summary: 
    +-----+-------+-----+-------+---------+
    |   Latency   |   Interval  | Pipeline|
    | min |  max  | min |  max  |   Type  |
    +-----+-------+-----+-------+---------+
    |   24|  46746|   24|  46746|   none  |
    +-----+-------+-----+-------+---------+

    + Detail: 
        * Instance: 
        N/A

        * Loop: 
        +-------------+-----+-------+----------+-----------+-----------+----------+----------+
        |             |   Latency   | Iteration|  Initiation Interval  |   Trip   |          |
        |  Loop Name  | min |  max  |  Latency |  achieved |   target  |   Count  | Pipelined|
        +-------------+-----+-------+----------+-----------+-----------+----------+----------+
        |- Loop 1     |    0|   4097|         3|          1|          1| 0 ~ 4096 |    yes   |
        |- Loop 2     |    0|   4097|         3|          1|          1| 0 ~ 4096 |    yes   |
        |- Loop 3     |    0|  38528|  5 ~ 301 |          -|          -|  0 ~ 128 |    no    |
        | + Loop 3.1  |    0|     39|         9|          1|          1|  0 ~ 32  |    yes   |
        | + Loop 3.2  |    0|    257|        10|          8|          1|  0 ~ 32  |    yes   |
        +-------------+-----+-------+----------+-----------+-----------+----------+----------+



================================================================
== Utilization Estimates
================================================================
* Summary: 
+-----------------+---------+-------+---------+---------+-----+
|       Name      | BRAM_18K| DSP48E|    FF   |   LUT   | URAM|
+-----------------+---------+-------+---------+---------+-----+
|DSP              |        -|      -|        -|        -|    -|
|Expression       |        -|      -|        0|      445|    -|
|FIFO             |        -|      -|        -|        -|    -|
|Instance         |        2|      3|     1335|     3609|    -|
|Memory           |      384|      -|        0|        0|    -|
|Multiplexer      |        -|      -|        -|     6144|    -|
|Register         |        0|      -|      955|       64|    -|
+-----------------+---------+-------+---------+---------+-----+
|Total            |      386|      3|     2290|    10262|    0|
+-----------------+---------+-------+---------+---------+-----+
|Available        |     4320|   6840|  2364480|  1182240|  960|
+-----------------+---------+-------+---------+---------+-----+
|Utilization (%)  |        8|   ~0  |    ~0   |    ~0   |    0|
+-----------------+---------+-------+---------+---------+-----+

+ Detail: 
    * Instance: 
    +--------------------------------------------------+-----------------------------------------------+---------+-------+-----+-----+
    |                     Instance                     |                     Module                    | BRAM_18K| DSP48E|  FF | LUT |
    +--------------------------------------------------+-----------------------------------------------+---------+-------+-----+-----+
    |dot_prod_kernel_control_s_axi_U                   |dot_prod_kernel_control_s_axi                  |        0|      0|  284|  488|
    |dot_prod_kernel_fadd_32ns_32ns_32_8_no_dsp_1_U1   |dot_prod_kernel_fadd_32ns_32ns_32_8_no_dsp_1   |        0|      0|  374|  376|
    |dot_prod_kernel_fmul_32ns_32ns_32_6_max_dsp_1_U2  |dot_prod_kernel_fmul_32ns_32ns_32_6_max_dsp_1  |        0|      3|  165|  146|
    |dot_prod_kernel_gmem_m_axi_U                      |dot_prod_kernel_gmem_m_axi                     |        2|      0|  512|  580|
    |dot_prod_kernel_mux_12832_32_1_1_U3               |dot_prod_kernel_mux_12832_32_1_1               |        0|      0|    0|  673|
    |dot_prod_kernel_mux_12832_32_1_1_U4               |dot_prod_kernel_mux_12832_32_1_1               |        0|      0|    0|  673|
    |dot_prod_kernel_mux_12832_32_1_1_U5               |dot_prod_kernel_mux_12832_32_1_1               |        0|      0|    0|  673|
    +--------------------------------------------------+-----------------------------------------------+---------+-------+-----+-----+
    |Total                                             |                                               |        2|      3| 1335| 3609|
    +--------------------------------------------------+-----------------------------------------------+---------+-------+-----+-----+

    * DSP48: 
    N/A

    * Memory: 
    +---------------+---------------------------+---------+---+----+------+-----+------+-------------+
    |     Memory    |           Module          | BRAM_18K| FF| LUT| Words| Bits| Banks| W*Bits*Banks|
    +---------------+---------------------------+---------+---+----+------+-----+------+-------------+
    |local_a_0_U    |dot_prod_kernel_local_a_0  |        1|  0|   0|    32|   32|     1|         1024|
    |local_a_1_U    |dot_prod_kernel_local_a_0  |        1|  0|   0|    32|   32|     1|         1024|
    |local_a_2_U    |dot_prod_kernel_local_a_0  |        1|  0|   0|    32|   32|     1|         1024|
    |local_a_3_U    |dot_prod_kernel_local_a_0  |        1|  0|   0|    32|   32|     1|         1024|
    |local_a_4_U    |dot_prod_kernel_local_a_0  |        1|  0|   0|    32|   32|     1|         1024|
    |local_a_5_U    |dot_prod_kernel_local_a_0  |        1|  0|   0|    32|   32|     1|         1024|
    |local_a_6_U    |dot_prod_kernel_local_a_0  |        1|  0|   0|    32|   32|     1|         1024|
    |local_a_7_U    |dot_prod_kernel_local_a_0  |        1|  0|   0|    32|   32|     1|         1024|
    |local_a_8_U    |dot_prod_kernel_local_a_0  |        1|  0|   0|    32|   32|     1|         1024|
    |local_a_9_U    |dot_prod_kernel_local_a_0  |        1|  0|   0|    32|   32|     1|         1024|
    |local_a_10_U   |dot_prod_kernel_local_a_0  |        1|  0|   0|    32|   32|     1|         1024|
    |local_a_11_U   |dot_prod_kernel_local_a_0  |        1|  0|   0|    32|   32|     1|         1024|
    |local_a_12_U   |dot_prod_kernel_local_a_0  |        1|  0|   0|    32|   32|     1|         1024|
    |local_a_13_U   |dot_prod_kernel_local_a_0  |        1|  0|   0|    32|   32|     1|         1024|
    |local_a_14_U   |dot_prod_kernel_local_a_0  |        1|  0|   0|    32|   32|     1|         1024|
    |local_a_15_U   |dot_prod_kernel_local_a_0  |        1|  0|   0|    32|   32|     1|         1024|
    |local_a_16_U   |dot_prod_kernel_local_a_0  |        1|  0|   0|    32|   32|     1|         1024|
    |local_a_17_U   |dot_prod_kernel_local_a_0  |        1|  0|   0|    32|   32|     1|         1024|
    |local_a_18_U   |dot_prod_kernel_local_a_0  |        1|  0|   0|    32|   32|     1|         1024|
    |local_a_19_U   |dot_prod_kernel_local_a_0  |        1|  0|   0|    32|   32|     1|         1024|
    |local_a_20_U   |dot_prod_kernel_local_a_0  |        1|  0|   0|    32|   32|     1|         1024|
    |local_a_21_U   |dot_prod_kernel_local_a_0  |        1|  0|   0|    32|   32|     1|         1024|
    |local_a_22_U   |dot_prod_kernel_local_a_0  |        1|  0|   0|    32|   32|     1|         1024|
    |local_a_23_U   |dot_prod_kernel_local_a_0  |        1|  0|   0|    32|   32|     1|         1024|
    |local_a_24_U   |dot_prod_kernel_local_a_0  |        1|  0|   0|    32|   32|     1|         1024|
    |local_a_25_U   |dot_prod_kernel_local_a_0  |        1|  0|   0|    32|   32|     1|         1024|
    |local_a_26_U   |dot_prod_kernel_local_a_0  |        1|  0|   0|    32|   32|     1|         1024|
    |local_a_27_U   |dot_prod_kernel_local_a_0  |        1|  0|   0|    32|   32|     1|         1024|
    |local_a_28_U   |dot_prod_kernel_local_a_0  |        1|  0|   0|    32|   32|     1|         1024|
    |local_a_29_U   |dot_prod_kernel_local_a_0  |        1|  0|   0|    32|   32|     1|         1024|
    |local_a_30_U   |dot_prod_kernel_local_a_0  |        1|  0|   0|    32|   32|     1|         1024|
    |local_a_31_U   |dot_prod_kernel_local_a_0  |        1|  0|   0|    32|   32|     1|         1024|
    |local_a_32_U   |dot_prod_kernel_local_a_0  |        1|  0|   0|    32|   32|     1|         1024|
    |local_a_33_U   |dot_prod_kernel_local_a_0  |        1|  0|   0|    32|   32|     1|         1024|
    |local_a_34_U   |dot_prod_kernel_local_a_0  |        1|  0|   0|    32|   32|     1|         1024|
    |local_a_35_U   |dot_prod_kernel_local_a_0  |        1|  0|   0|    32|   32|     1|         1024|
    |local_a_36_U   |dot_prod_kernel_local_a_0  |        1|  0|   0|    32|   32|     1|         1024|
    |local_a_37_U   |dot_prod_kernel_local_a_0  |        1|  0|   0|    32|   32|     1|         1024|
    |local_a_38_U   |dot_prod_kernel_local_a_0  |        1|  0|   0|    32|   32|     1|         1024|
    |local_a_39_U   |dot_prod_kernel_local_a_0  |        1|  0|   0|    32|   32|     1|         1024|
    |local_a_40_U   |dot_prod_kernel_local_a_0  |        1|  0|   0|    32|   32|     1|         1024|
    |local_a_41_U   |dot_prod_kernel_local_a_0  |        1|  0|   0|    32|   32|     1|         1024|
    |local_a_42_U   |dot_prod_kernel_local_a_0  |        1|  0|   0|    32|   32|     1|         1024|
    |local_a_43_U   |dot_prod_kernel_local_a_0  |        1|  0|   0|    32|   32|     1|         1024|
    |local_a_44_U   |dot_prod_kernel_local_a_0  |        1|  0|   0|    32|   32|     1|         1024|
    |local_a_45_U   |dot_prod_kernel_local_a_0  |        1|  0|   0|    32|   32|     1|         1024|
    |local_a_46_U   |dot_prod_kernel_local_a_0  |        1|  0|   0|    32|   32|     1|         1024|
    |local_a_47_U   |dot_prod_kernel_local_a_0  |        1|  0|   0|    32|   32|     1|         1024|
    |local_a_48_U   |dot_prod_kernel_local_a_0  |        1|  0|   0|    32|   32|     1|         1024|
    |local_a_49_U   |dot_prod_kernel_local_a_0  |        1|  0|   0|    32|   32|     1|         1024|
    |local_a_50_U   |dot_prod_kernel_local_a_0  |        1|  0|   0|    32|   32|     1|         1024|
    |local_a_51_U   |dot_prod_kernel_local_a_0  |        1|  0|   0|    32|   32|     1|         1024|
    |local_a_52_U   |dot_prod_kernel_local_a_0  |        1|  0|   0|    32|   32|     1|         1024|
    |local_a_53_U   |dot_prod_kernel_local_a_0  |        1|  0|   0|    32|   32|     1|         1024|
    |local_a_54_U   |dot_prod_kernel_local_a_0  |        1|  0|   0|    32|   32|     1|         1024|
    |local_a_55_U   |dot_prod_kernel_local_a_0  |        1|  0|   0|    32|   32|     1|         1024|
    |local_a_56_U   |dot_prod_kernel_local_a_0  |        1|  0|   0|    32|   32|     1|         1024|
    |local_a_57_U   |dot_prod_kernel_local_a_0  |        1|  0|   0|    32|   32|     1|         1024|
    |local_a_58_U   |dot_prod_kernel_local_a_0  |        1|  0|   0|    32|   32|     1|         1024|
    |local_a_59_U   |dot_prod_kernel_local_a_0  |        1|  0|   0|    32|   32|     1|         1024|
    |local_a_60_U   |dot_prod_kernel_local_a_0  |        1|  0|   0|    32|   32|     1|         1024|
    |local_a_61_U   |dot_prod_kernel_local_a_0  |        1|  0|   0|    32|   32|     1|         1024|
    |local_a_62_U   |dot_prod_kernel_local_a_0  |        1|  0|   0|    32|   32|     1|         1024|
    |local_a_63_U   |dot_prod_kernel_local_a_0  |        1|  0|   0|    32|   32|     1|         1024|
    |local_a_64_U   |dot_prod_kernel_local_a_0  |        1|  0|   0|    32|   32|     1|         1024|
    |local_a_65_U   |dot_prod_kernel_local_a_0  |        1|  0|   0|    32|   32|     1|         1024|
    |local_a_66_U   |dot_prod_kernel_local_a_0  |        1|  0|   0|    32|   32|     1|         1024|
    |local_a_67_U   |dot_prod_kernel_local_a_0  |        1|  0|   0|    32|   32|     1|         1024|
    |local_a_68_U   |dot_prod_kernel_local_a_0  |        1|  0|   0|    32|   32|     1|         1024|
    |local_a_69_U   |dot_prod_kernel_local_a_0  |        1|  0|   0|    32|   32|     1|         1024|
    |local_a_70_U   |dot_prod_kernel_local_a_0  |        1|  0|   0|    32|   32|     1|         1024|
    |local_a_71_U   |dot_prod_kernel_local_a_0  |        1|  0|   0|    32|   32|     1|         1024|
    |local_a_72_U   |dot_prod_kernel_local_a_0  |        1|  0|   0|    32|   32|     1|         1024|
    |local_a_73_U   |dot_prod_kernel_local_a_0  |        1|  0|   0|    32|   32|     1|         1024|
    |local_a_74_U   |dot_prod_kernel_local_a_0  |        1|  0|   0|    32|   32|     1|         1024|
    |local_a_75_U   |dot_prod_kernel_local_a_0  |        1|  0|   0|    32|   32|     1|         1024|
    |local_a_76_U   |dot_prod_kernel_local_a_0  |        1|  0|   0|    32|   32|     1|         1024|
    |local_a_77_U   |dot_prod_kernel_local_a_0  |        1|  0|   0|    32|   32|     1|         1024|
    |local_a_78_U   |dot_prod_kernel_local_a_0  |        1|  0|   0|    32|   32|     1|         1024|
    |local_a_79_U   |dot_prod_kernel_local_a_0  |        1|  0|   0|    32|   32|     1|         1024|
    |local_a_80_U   |dot_prod_kernel_local_a_0  |        1|  0|   0|    32|   32|     1|         1024|
    |local_a_81_U   |dot_prod_kernel_local_a_0  |        1|  0|   0|    32|   32|     1|         1024|
    |local_a_82_U   |dot_prod_kernel_local_a_0  |        1|  0|   0|    32|   32|     1|         1024|
    |local_a_83_U   |dot_prod_kernel_local_a_0  |        1|  0|   0|    32|   32|     1|         1024|
    |local_a_84_U   |dot_prod_kernel_local_a_0  |        1|  0|   0|    32|   32|     1|         1024|
    |local_a_85_U   |dot_prod_kernel_local_a_0  |        1|  0|   0|    32|   32|     1|         1024|
    |local_a_86_U   |dot_prod_kernel_local_a_0  |        1|  0|   0|    32|   32|     1|         1024|
    |local_a_87_U   |dot_prod_kernel_local_a_0  |        1|  0|   0|    32|   32|     1|         1024|
    |local_a_88_U   |dot_prod_kernel_local_a_0  |        1|  0|   0|    32|   32|     1|         1024|
    |local_a_89_U   |dot_prod_kernel_local_a_0  |        1|  0|   0|    32|   32|     1|         1024|
    |local_a_90_U   |dot_prod_kernel_local_a_0  |        1|  0|   0|    32|   32|     1|         1024|
    |local_a_91_U   |dot_prod_kernel_local_a_0  |        1|  0|   0|    32|   32|     1|         1024|
    |local_a_92_U   |dot_prod_kernel_local_a_0  |        1|  0|   0|    32|   32|     1|         1024|
    |local_a_93_U   |dot_prod_kernel_local_a_0  |        1|  0|   0|    32|   32|     1|         1024|
    |local_a_94_U   |dot_prod_kernel_local_a_0  |        1|  0|   0|    32|   32|     1|         1024|
    |local_a_95_U   |dot_prod_kernel_local_a_0  |        1|  0|   0|    32|   32|     1|         1024|
    |local_a_96_U   |dot_prod_kernel_local_a_0  |        1|  0|   0|    32|   32|     1|         1024|
    |local_a_97_U   |dot_prod_kernel_local_a_0  |        1|  0|   0|    32|   32|     1|         1024|
    |local_a_98_U   |dot_prod_kernel_local_a_0  |        1|  0|   0|    32|   32|     1|         1024|
    |local_a_99_U   |dot_prod_kernel_local_a_0  |        1|  0|   0|    32|   32|     1|         1024|
    |local_a_100_U  |dot_prod_kernel_local_a_0  |        1|  0|   0|    32|   32|     1|         1024|
    |local_a_101_U  |dot_prod_kernel_local_a_0  |        1|  0|   0|    32|   32|     1|         1024|
    |local_a_102_U  |dot_prod_kernel_local_a_0  |        1|  0|   0|    32|   32|     1|         1024|
    |local_a_103_U  |dot_prod_kernel_local_a_0  |        1|  0|   0|    32|   32|     1|         1024|
    |local_a_104_U  |dot_prod_kernel_local_a_0  |        1|  0|   0|    32|   32|     1|         1024|
    |local_a_105_U  |dot_prod_kernel_local_a_0  |        1|  0|   0|    32|   32|     1|         1024|
    |local_a_106_U  |dot_prod_kernel_local_a_0  |        1|  0|   0|    32|   32|     1|         1024|
    |local_a_107_U  |dot_prod_kernel_local_a_0  |        1|  0|   0|    32|   32|     1|         1024|
    |local_a_108_U  |dot_prod_kernel_local_a_0  |        1|  0|   0|    32|   32|     1|         1024|
    |local_a_109_U  |dot_prod_kernel_local_a_0  |        1|  0|   0|    32|   32|     1|         1024|
    |local_a_110_U  |dot_prod_kernel_local_a_0  |        1|  0|   0|    32|   32|     1|         1024|
    |local_a_111_U  |dot_prod_kernel_local_a_0  |        1|  0|   0|    32|   32|     1|         1024|
    |local_a_112_U  |dot_prod_kernel_local_a_0  |        1|  0|   0|    32|   32|     1|         1024|
    |local_a_113_U  |dot_prod_kernel_local_a_0  |        1|  0|   0|    32|   32|     1|         1024|
    |local_a_114_U  |dot_prod_kernel_local_a_0  |        1|  0|   0|    32|   32|     1|         1024|
    |local_a_115_U  |dot_prod_kernel_local_a_0  |        1|  0|   0|    32|   32|     1|         1024|
    |local_a_116_U  |dot_prod_kernel_local_a_0  |        1|  0|   0|    32|   32|     1|         1024|
    |local_a_117_U  |dot_prod_kernel_local_a_0  |        1|  0|   0|    32|   32|     1|         1024|
    |local_a_118_U  |dot_prod_kernel_local_a_0  |        1|  0|   0|    32|   32|     1|         1024|
    |local_a_119_U  |dot_prod_kernel_local_a_0  |        1|  0|   0|    32|   32|     1|         1024|
    |local_a_120_U  |dot_prod_kernel_local_a_0  |        1|  0|   0|    32|   32|     1|         1024|
    |local_a_121_U  |dot_prod_kernel_local_a_0  |        1|  0|   0|    32|   32|     1|         1024|
    |local_a_122_U  |dot_prod_kernel_local_a_0  |        1|  0|   0|    32|   32|     1|         1024|
    |local_a_123_U  |dot_prod_kernel_local_a_0  |        1|  0|   0|    32|   32|     1|         1024|
    |local_a_124_U  |dot_prod_kernel_local_a_0  |        1|  0|   0|    32|   32|     1|         1024|
    |local_a_125_U  |dot_prod_kernel_local_a_0  |        1|  0|   0|    32|   32|     1|         1024|
    |local_a_126_U  |dot_prod_kernel_local_a_0  |        1|  0|   0|    32|   32|     1|         1024|
    |local_a_127_U  |dot_prod_kernel_local_a_0  |        1|  0|   0|    32|   32|     1|         1024|
    |local_b_0_U    |dot_prod_kernel_local_a_0  |        1|  0|   0|    32|   32|     1|         1024|
    |local_b_1_U    |dot_prod_kernel_local_a_0  |        1|  0|   0|    32|   32|     1|         1024|
    |local_b_2_U    |dot_prod_kernel_local_a_0  |        1|  0|   0|    32|   32|     1|         1024|
    |local_b_3_U    |dot_prod_kernel_local_a_0  |        1|  0|   0|    32|   32|     1|         1024|
    |local_b_4_U    |dot_prod_kernel_local_a_0  |        1|  0|   0|    32|   32|     1|         1024|
    |local_b_5_U    |dot_prod_kernel_local_a_0  |        1|  0|   0|    32|   32|     1|         1024|
    |local_b_6_U    |dot_prod_kernel_local_a_0  |        1|  0|   0|    32|   32|     1|         1024|
    |local_b_7_U    |dot_prod_kernel_local_a_0  |        1|  0|   0|    32|   32|     1|         1024|
    |local_b_8_U    |dot_prod_kernel_local_a_0  |        1|  0|   0|    32|   32|     1|         1024|
    |local_b_9_U    |dot_prod_kernel_local_a_0  |        1|  0|   0|    32|   32|     1|         1024|
    |local_b_10_U   |dot_prod_kernel_local_a_0  |        1|  0|   0|    32|   32|     1|         1024|
    |local_b_11_U   |dot_prod_kernel_local_a_0  |        1|  0|   0|    32|   32|     1|         1024|
    |local_b_12_U   |dot_prod_kernel_local_a_0  |        1|  0|   0|    32|   32|     1|         1024|
    |local_b_13_U   |dot_prod_kernel_local_a_0  |        1|  0|   0|    32|   32|     1|         1024|
    |local_b_14_U   |dot_prod_kernel_local_a_0  |        1|  0|   0|    32|   32|     1|         1024|
    |local_b_15_U   |dot_prod_kernel_local_a_0  |        1|  0|   0|    32|   32|     1|         1024|
    |local_b_16_U   |dot_prod_kernel_local_a_0  |        1|  0|   0|    32|   32|     1|         1024|
    |local_b_17_U   |dot_prod_kernel_local_a_0  |        1|  0|   0|    32|   32|     1|         1024|
    |local_b_18_U   |dot_prod_kernel_local_a_0  |        1|  0|   0|    32|   32|     1|         1024|
    |local_b_19_U   |dot_prod_kernel_local_a_0  |        1|  0|   0|    32|   32|     1|         1024|
    |local_b_20_U   |dot_prod_kernel_local_a_0  |        1|  0|   0|    32|   32|     1|         1024|
    |local_b_21_U   |dot_prod_kernel_local_a_0  |        1|  0|   0|    32|   32|     1|         1024|
    |local_b_22_U   |dot_prod_kernel_local_a_0  |        1|  0|   0|    32|   32|     1|         1024|
    |local_b_23_U   |dot_prod_kernel_local_a_0  |        1|  0|   0|    32|   32|     1|         1024|
    |local_b_24_U   |dot_prod_kernel_local_a_0  |        1|  0|   0|    32|   32|     1|         1024|
    |local_b_25_U   |dot_prod_kernel_local_a_0  |        1|  0|   0|    32|   32|     1|         1024|
    |local_b_26_U   |dot_prod_kernel_local_a_0  |        1|  0|   0|    32|   32|     1|         1024|
    |local_b_27_U   |dot_prod_kernel_local_a_0  |        1|  0|   0|    32|   32|     1|         1024|
    |local_b_28_U   |dot_prod_kernel_local_a_0  |        1|  0|   0|    32|   32|     1|         1024|
    |local_b_29_U   |dot_prod_kernel_local_a_0  |        1|  0|   0|    32|   32|     1|         1024|
    |local_b_30_U   |dot_prod_kernel_local_a_0  |        1|  0|   0|    32|   32|     1|         1024|
    |local_b_31_U   |dot_prod_kernel_local_a_0  |        1|  0|   0|    32|   32|     1|         1024|
    |local_b_32_U   |dot_prod_kernel_local_a_0  |        1|  0|   0|    32|   32|     1|         1024|
    |local_b_33_U   |dot_prod_kernel_local_a_0  |        1|  0|   0|    32|   32|     1|         1024|
    |local_b_34_U   |dot_prod_kernel_local_a_0  |        1|  0|   0|    32|   32|     1|         1024|
    |local_b_35_U   |dot_prod_kernel_local_a_0  |        1|  0|   0|    32|   32|     1|         1024|
    |local_b_36_U   |dot_prod_kernel_local_a_0  |        1|  0|   0|    32|   32|     1|         1024|
    |local_b_37_U   |dot_prod_kernel_local_a_0  |        1|  0|   0|    32|   32|     1|         1024|
    |local_b_38_U   |dot_prod_kernel_local_a_0  |        1|  0|   0|    32|   32|     1|         1024|
    |local_b_39_U   |dot_prod_kernel_local_a_0  |        1|  0|   0|    32|   32|     1|         1024|
    |local_b_40_U   |dot_prod_kernel_local_a_0  |        1|  0|   0|    32|   32|     1|         1024|
    |local_b_41_U   |dot_prod_kernel_local_a_0  |        1|  0|   0|    32|   32|     1|         1024|
    |local_b_42_U   |dot_prod_kernel_local_a_0  |        1|  0|   0|    32|   32|     1|         1024|
    |local_b_43_U   |dot_prod_kernel_local_a_0  |        1|  0|   0|    32|   32|     1|         1024|
    |local_b_44_U   |dot_prod_kernel_local_a_0  |        1|  0|   0|    32|   32|     1|         1024|
    |local_b_45_U   |dot_prod_kernel_local_a_0  |        1|  0|   0|    32|   32|     1|         1024|
    |local_b_46_U   |dot_prod_kernel_local_a_0  |        1|  0|   0|    32|   32|     1|         1024|
    |local_b_47_U   |dot_prod_kernel_local_a_0  |        1|  0|   0|    32|   32|     1|         1024|
    |local_b_48_U   |dot_prod_kernel_local_a_0  |        1|  0|   0|    32|   32|     1|         1024|
    |local_b_49_U   |dot_prod_kernel_local_a_0  |        1|  0|   0|    32|   32|     1|         1024|
    |local_b_50_U   |dot_prod_kernel_local_a_0  |        1|  0|   0|    32|   32|     1|         1024|
    |local_b_51_U   |dot_prod_kernel_local_a_0  |        1|  0|   0|    32|   32|     1|         1024|
    |local_b_52_U   |dot_prod_kernel_local_a_0  |        1|  0|   0|    32|   32|     1|         1024|
    |local_b_53_U   |dot_prod_kernel_local_a_0  |        1|  0|   0|    32|   32|     1|         1024|
    |local_b_54_U   |dot_prod_kernel_local_a_0  |        1|  0|   0|    32|   32|     1|         1024|
    |local_b_55_U   |dot_prod_kernel_local_a_0  |        1|  0|   0|    32|   32|     1|         1024|
    |local_b_56_U   |dot_prod_kernel_local_a_0  |        1|  0|   0|    32|   32|     1|         1024|
    |local_b_57_U   |dot_prod_kernel_local_a_0  |        1|  0|   0|    32|   32|     1|         1024|
    |local_b_58_U   |dot_prod_kernel_local_a_0  |        1|  0|   0|    32|   32|     1|         1024|
    |local_b_59_U   |dot_prod_kernel_local_a_0  |        1|  0|   0|    32|   32|     1|         1024|
    |local_b_60_U   |dot_prod_kernel_local_a_0  |        1|  0|   0|    32|   32|     1|         1024|
    |local_b_61_U   |dot_prod_kernel_local_a_0  |        1|  0|   0|    32|   32|     1|         1024|
    |local_b_62_U   |dot_prod_kernel_local_a_0  |        1|  0|   0|    32|   32|     1|         1024|
    |local_b_63_U   |dot_prod_kernel_local_a_0  |        1|  0|   0|    32|   32|     1|         1024|
    |local_b_64_U   |dot_prod_kernel_local_a_0  |        1|  0|   0|    32|   32|     1|         1024|
    |local_b_65_U   |dot_prod_kernel_local_a_0  |        1|  0|   0|    32|   32|     1|         1024|
    |local_b_66_U   |dot_prod_kernel_local_a_0  |        1|  0|   0|    32|   32|     1|         1024|
    |local_b_67_U   |dot_prod_kernel_local_a_0  |        1|  0|   0|    32|   32|     1|         1024|
    |local_b_68_U   |dot_prod_kernel_local_a_0  |        1|  0|   0|    32|   32|     1|         1024|
    |local_b_69_U   |dot_prod_kernel_local_a_0  |        1|  0|   0|    32|   32|     1|         1024|
    |local_b_70_U   |dot_prod_kernel_local_a_0  |        1|  0|   0|    32|   32|     1|         1024|
    |local_b_71_U   |dot_prod_kernel_local_a_0  |        1|  0|   0|    32|   32|     1|         1024|
    |local_b_72_U   |dot_prod_kernel_local_a_0  |        1|  0|   0|    32|   32|     1|         1024|
    |local_b_73_U   |dot_prod_kernel_local_a_0  |        1|  0|   0|    32|   32|     1|         1024|
    |local_b_74_U   |dot_prod_kernel_local_a_0  |        1|  0|   0|    32|   32|     1|         1024|
    |local_b_75_U   |dot_prod_kernel_local_a_0  |        1|  0|   0|    32|   32|     1|         1024|
    |local_b_76_U   |dot_prod_kernel_local_a_0  |        1|  0|   0|    32|   32|     1|         1024|
    |local_b_77_U   |dot_prod_kernel_local_a_0  |        1|  0|   0|    32|   32|     1|         1024|
    |local_b_78_U   |dot_prod_kernel_local_a_0  |        1|  0|   0|    32|   32|     1|         1024|
    |local_b_79_U   |dot_prod_kernel_local_a_0  |        1|  0|   0|    32|   32|     1|         1024|
    |local_b_80_U   |dot_prod_kernel_local_a_0  |        1|  0|   0|    32|   32|     1|         1024|
    |local_b_81_U   |dot_prod_kernel_local_a_0  |        1|  0|   0|    32|   32|     1|         1024|
    |local_b_82_U   |dot_prod_kernel_local_a_0  |        1|  0|   0|    32|   32|     1|         1024|
    |local_b_83_U   |dot_prod_kernel_local_a_0  |        1|  0|   0|    32|   32|     1|         1024|
    |local_b_84_U   |dot_prod_kernel_local_a_0  |        1|  0|   0|    32|   32|     1|         1024|
    |local_b_85_U   |dot_prod_kernel_local_a_0  |        1|  0|   0|    32|   32|     1|         1024|
    |local_b_86_U   |dot_prod_kernel_local_a_0  |        1|  0|   0|    32|   32|     1|         1024|
    |local_b_87_U   |dot_prod_kernel_local_a_0  |        1|  0|   0|    32|   32|     1|         1024|
    |local_b_88_U   |dot_prod_kernel_local_a_0  |        1|  0|   0|    32|   32|     1|         1024|
    |local_b_89_U   |dot_prod_kernel_local_a_0  |        1|  0|   0|    32|   32|     1|         1024|
    |local_b_90_U   |dot_prod_kernel_local_a_0  |        1|  0|   0|    32|   32|     1|         1024|
    |local_b_91_U   |dot_prod_kernel_local_a_0  |        1|  0|   0|    32|   32|     1|         1024|
    |local_b_92_U   |dot_prod_kernel_local_a_0  |        1|  0|   0|    32|   32|     1|         1024|
    |local_b_93_U   |dot_prod_kernel_local_a_0  |        1|  0|   0|    32|   32|     1|         1024|
    |local_b_94_U   |dot_prod_kernel_local_a_0  |        1|  0|   0|    32|   32|     1|         1024|
    |local_b_95_U   |dot_prod_kernel_local_a_0  |        1|  0|   0|    32|   32|     1|         1024|
    |local_b_96_U   |dot_prod_kernel_local_a_0  |        1|  0|   0|    32|   32|     1|         1024|
    |local_b_97_U   |dot_prod_kernel_local_a_0  |        1|  0|   0|    32|   32|     1|         1024|
    |local_b_98_U   |dot_prod_kernel_local_a_0  |        1|  0|   0|    32|   32|     1|         1024|
    |local_b_99_U   |dot_prod_kernel_local_a_0  |        1|  0|   0|    32|   32|     1|         1024|
    |local_b_100_U  |dot_prod_kernel_local_a_0  |        1|  0|   0|    32|   32|     1|         1024|
    |local_b_101_U  |dot_prod_kernel_local_a_0  |        1|  0|   0|    32|   32|     1|         1024|
    |local_b_102_U  |dot_prod_kernel_local_a_0  |        1|  0|   0|    32|   32|     1|         1024|
    |local_b_103_U  |dot_prod_kernel_local_a_0  |        1|  0|   0|    32|   32|     1|         1024|
    |local_b_104_U  |dot_prod_kernel_local_a_0  |        1|  0|   0|    32|   32|     1|         1024|
    |local_b_105_U  |dot_prod_kernel_local_a_0  |        1|  0|   0|    32|   32|     1|         1024|
    |local_b_106_U  |dot_prod_kernel_local_a_0  |        1|  0|   0|    32|   32|     1|         1024|
    |local_b_107_U  |dot_prod_kernel_local_a_0  |        1|  0|   0|    32|   32|     1|         1024|
    |local_b_108_U  |dot_prod_kernel_local_a_0  |        1|  0|   0|    32|   32|     1|         1024|
    |local_b_109_U  |dot_prod_kernel_local_a_0  |        1|  0|   0|    32|   32|     1|         1024|
    |local_b_110_U  |dot_prod_kernel_local_a_0  |        1|  0|   0|    32|   32|     1|         1024|
    |local_b_111_U  |dot_prod_kernel_local_a_0  |        1|  0|   0|    32|   32|     1|         1024|
    |local_b_112_U  |dot_prod_kernel_local_a_0  |        1|  0|   0|    32|   32|     1|         1024|
    |local_b_113_U  |dot_prod_kernel_local_a_0  |        1|  0|   0|    32|   32|     1|         1024|
    |local_b_114_U  |dot_prod_kernel_local_a_0  |        1|  0|   0|    32|   32|     1|         1024|
    |local_b_115_U  |dot_prod_kernel_local_a_0  |        1|  0|   0|    32|   32|     1|         1024|
    |local_b_116_U  |dot_prod_kernel_local_a_0  |        1|  0|   0|    32|   32|     1|         1024|
    |local_b_117_U  |dot_prod_kernel_local_a_0  |        1|  0|   0|    32|   32|     1|         1024|
    |local_b_118_U  |dot_prod_kernel_local_a_0  |        1|  0|   0|    32|   32|     1|         1024|
    |local_b_119_U  |dot_prod_kernel_local_a_0  |        1|  0|   0|    32|   32|     1|         1024|
    |local_b_120_U  |dot_prod_kernel_local_a_0  |        1|  0|   0|    32|   32|     1|         1024|
    |local_b_121_U  |dot_prod_kernel_local_a_0  |        1|  0|   0|    32|   32|     1|         1024|
    |local_b_122_U  |dot_prod_kernel_local_a_0  |        1|  0|   0|    32|   32|     1|         1024|
    |local_b_123_U  |dot_prod_kernel_local_a_0  |        1|  0|   0|    32|   32|     1|         1024|
    |local_b_124_U  |dot_prod_kernel_local_a_0  |        1|  0|   0|    32|   32|     1|         1024|
    |local_b_125_U  |dot_prod_kernel_local_a_0  |        1|  0|   0|    32|   32|     1|         1024|
    |local_b_126_U  |dot_prod_kernel_local_a_0  |        1|  0|   0|    32|   32|     1|         1024|
    |local_b_127_U  |dot_prod_kernel_local_a_0  |        1|  0|   0|    32|   32|     1|         1024|
    |local_c_0_U    |dot_prod_kernel_local_a_0  |        1|  0|   0|    32|   32|     1|         1024|
    |local_c_1_U    |dot_prod_kernel_local_a_0  |        1|  0|   0|    32|   32|     1|         1024|
    |local_c_2_U    |dot_prod_kernel_local_a_0  |        1|  0|   0|    32|   32|     1|         1024|
    |local_c_3_U    |dot_prod_kernel_local_a_0  |        1|  0|   0|    32|   32|     1|         1024|
    |local_c_4_U    |dot_prod_kernel_local_a_0  |        1|  0|   0|    32|   32|     1|         1024|
    |local_c_5_U    |dot_prod_kernel_local_a_0  |        1|  0|   0|    32|   32|     1|         1024|
    |local_c_6_U    |dot_prod_kernel_local_a_0  |        1|  0|   0|    32|   32|     1|         1024|
    |local_c_7_U    |dot_prod_kernel_local_a_0  |        1|  0|   0|    32|   32|     1|         1024|
    |local_c_8_U    |dot_prod_kernel_local_a_0  |        1|  0|   0|    32|   32|     1|         1024|
    |local_c_9_U    |dot_prod_kernel_local_a_0  |        1|  0|   0|    32|   32|     1|         1024|
    |local_c_10_U   |dot_prod_kernel_local_a_0  |        1|  0|   0|    32|   32|     1|         1024|
    |local_c_11_U   |dot_prod_kernel_local_a_0  |        1|  0|   0|    32|   32|     1|         1024|
    |local_c_12_U   |dot_prod_kernel_local_a_0  |        1|  0|   0|    32|   32|     1|         1024|
    |local_c_13_U   |dot_prod_kernel_local_a_0  |        1|  0|   0|    32|   32|     1|         1024|
    |local_c_14_U   |dot_prod_kernel_local_a_0  |        1|  0|   0|    32|   32|     1|         1024|
    |local_c_15_U   |dot_prod_kernel_local_a_0  |        1|  0|   0|    32|   32|     1|         1024|
    |local_c_16_U   |dot_prod_kernel_local_a_0  |        1|  0|   0|    32|   32|     1|         1024|
    |local_c_17_U   |dot_prod_kernel_local_a_0  |        1|  0|   0|    32|   32|     1|         1024|
    |local_c_18_U   |dot_prod_kernel_local_a_0  |        1|  0|   0|    32|   32|     1|         1024|
    |local_c_19_U   |dot_prod_kernel_local_a_0  |        1|  0|   0|    32|   32|     1|         1024|
    |local_c_20_U   |dot_prod_kernel_local_a_0  |        1|  0|   0|    32|   32|     1|         1024|
    |local_c_21_U   |dot_prod_kernel_local_a_0  |        1|  0|   0|    32|   32|     1|         1024|
    |local_c_22_U   |dot_prod_kernel_local_a_0  |        1|  0|   0|    32|   32|     1|         1024|
    |local_c_23_U   |dot_prod_kernel_local_a_0  |        1|  0|   0|    32|   32|     1|         1024|
    |local_c_24_U   |dot_prod_kernel_local_a_0  |        1|  0|   0|    32|   32|     1|         1024|
    |local_c_25_U   |dot_prod_kernel_local_a_0  |        1|  0|   0|    32|   32|     1|         1024|
    |local_c_26_U   |dot_prod_kernel_local_a_0  |        1|  0|   0|    32|   32|     1|         1024|
    |local_c_27_U   |dot_prod_kernel_local_a_0  |        1|  0|   0|    32|   32|     1|         1024|
    |local_c_28_U   |dot_prod_kernel_local_a_0  |        1|  0|   0|    32|   32|     1|         1024|
    |local_c_29_U   |dot_prod_kernel_local_a_0  |        1|  0|   0|    32|   32|     1|         1024|
    |local_c_30_U   |dot_prod_kernel_local_a_0  |        1|  0|   0|    32|   32|     1|         1024|
    |local_c_31_U   |dot_prod_kernel_local_a_0  |        1|  0|   0|    32|   32|     1|         1024|
    |local_c_32_U   |dot_prod_kernel_local_a_0  |        1|  0|   0|    32|   32|     1|         1024|
    |local_c_33_U   |dot_prod_kernel_local_a_0  |        1|  0|   0|    32|   32|     1|         1024|
    |local_c_34_U   |dot_prod_kernel_local_a_0  |        1|  0|   0|    32|   32|     1|         1024|
    |local_c_35_U   |dot_prod_kernel_local_a_0  |        1|  0|   0|    32|   32|     1|         1024|
    |local_c_36_U   |dot_prod_kernel_local_a_0  |        1|  0|   0|    32|   32|     1|         1024|
    |local_c_37_U   |dot_prod_kernel_local_a_0  |        1|  0|   0|    32|   32|     1|         1024|
    |local_c_38_U   |dot_prod_kernel_local_a_0  |        1|  0|   0|    32|   32|     1|         1024|
    |local_c_39_U   |dot_prod_kernel_local_a_0  |        1|  0|   0|    32|   32|     1|         1024|
    |local_c_40_U   |dot_prod_kernel_local_a_0  |        1|  0|   0|    32|   32|     1|         1024|
    |local_c_41_U   |dot_prod_kernel_local_a_0  |        1|  0|   0|    32|   32|     1|         1024|
    |local_c_42_U   |dot_prod_kernel_local_a_0  |        1|  0|   0|    32|   32|     1|         1024|
    |local_c_43_U   |dot_prod_kernel_local_a_0  |        1|  0|   0|    32|   32|     1|         1024|
    |local_c_44_U   |dot_prod_kernel_local_a_0  |        1|  0|   0|    32|   32|     1|         1024|
    |local_c_45_U   |dot_prod_kernel_local_a_0  |        1|  0|   0|    32|   32|     1|         1024|
    |local_c_46_U   |dot_prod_kernel_local_a_0  |        1|  0|   0|    32|   32|     1|         1024|
    |local_c_47_U   |dot_prod_kernel_local_a_0  |        1|  0|   0|    32|   32|     1|         1024|
    |local_c_48_U   |dot_prod_kernel_local_a_0  |        1|  0|   0|    32|   32|     1|         1024|
    |local_c_49_U   |dot_prod_kernel_local_a_0  |        1|  0|   0|    32|   32|     1|         1024|
    |local_c_50_U   |dot_prod_kernel_local_a_0  |        1|  0|   0|    32|   32|     1|         1024|
    |local_c_51_U   |dot_prod_kernel_local_a_0  |        1|  0|   0|    32|   32|     1|         1024|
    |local_c_52_U   |dot_prod_kernel_local_a_0  |        1|  0|   0|    32|   32|     1|         1024|
    |local_c_53_U   |dot_prod_kernel_local_a_0  |        1|  0|   0|    32|   32|     1|         1024|
    |local_c_54_U   |dot_prod_kernel_local_a_0  |        1|  0|   0|    32|   32|     1|         1024|
    |local_c_55_U   |dot_prod_kernel_local_a_0  |        1|  0|   0|    32|   32|     1|         1024|
    |local_c_56_U   |dot_prod_kernel_local_a_0  |        1|  0|   0|    32|   32|     1|         1024|
    |local_c_57_U   |dot_prod_kernel_local_a_0  |        1|  0|   0|    32|   32|     1|         1024|
    |local_c_58_U   |dot_prod_kernel_local_a_0  |        1|  0|   0|    32|   32|     1|         1024|
    |local_c_59_U   |dot_prod_kernel_local_a_0  |        1|  0|   0|    32|   32|     1|         1024|
    |local_c_60_U   |dot_prod_kernel_local_a_0  |        1|  0|   0|    32|   32|     1|         1024|
    |local_c_61_U   |dot_prod_kernel_local_a_0  |        1|  0|   0|    32|   32|     1|         1024|
    |local_c_62_U   |dot_prod_kernel_local_a_0  |        1|  0|   0|    32|   32|     1|         1024|
    |local_c_63_U   |dot_prod_kernel_local_a_0  |        1|  0|   0|    32|   32|     1|         1024|
    |local_c_64_U   |dot_prod_kernel_local_a_0  |        1|  0|   0|    32|   32|     1|         1024|
    |local_c_65_U   |dot_prod_kernel_local_a_0  |        1|  0|   0|    32|   32|     1|         1024|
    |local_c_66_U   |dot_prod_kernel_local_a_0  |        1|  0|   0|    32|   32|     1|         1024|
    |local_c_67_U   |dot_prod_kernel_local_a_0  |        1|  0|   0|    32|   32|     1|         1024|
    |local_c_68_U   |dot_prod_kernel_local_a_0  |        1|  0|   0|    32|   32|     1|         1024|
    |local_c_69_U   |dot_prod_kernel_local_a_0  |        1|  0|   0|    32|   32|     1|         1024|
    |local_c_70_U   |dot_prod_kernel_local_a_0  |        1|  0|   0|    32|   32|     1|         1024|
    |local_c_71_U   |dot_prod_kernel_local_a_0  |        1|  0|   0|    32|   32|     1|         1024|
    |local_c_72_U   |dot_prod_kernel_local_a_0  |        1|  0|   0|    32|   32|     1|         1024|
    |local_c_73_U   |dot_prod_kernel_local_a_0  |        1|  0|   0|    32|   32|     1|         1024|
    |local_c_74_U   |dot_prod_kernel_local_a_0  |        1|  0|   0|    32|   32|     1|         1024|
    |local_c_75_U   |dot_prod_kernel_local_a_0  |        1|  0|   0|    32|   32|     1|         1024|
    |local_c_76_U   |dot_prod_kernel_local_a_0  |        1|  0|   0|    32|   32|     1|         1024|
    |local_c_77_U   |dot_prod_kernel_local_a_0  |        1|  0|   0|    32|   32|     1|         1024|
    |local_c_78_U   |dot_prod_kernel_local_a_0  |        1|  0|   0|    32|   32|     1|         1024|
    |local_c_79_U   |dot_prod_kernel_local_a_0  |        1|  0|   0|    32|   32|     1|         1024|
    |local_c_80_U   |dot_prod_kernel_local_a_0  |        1|  0|   0|    32|   32|     1|         1024|
    |local_c_81_U   |dot_prod_kernel_local_a_0  |        1|  0|   0|    32|   32|     1|         1024|
    |local_c_82_U   |dot_prod_kernel_local_a_0  |        1|  0|   0|    32|   32|     1|         1024|
    |local_c_83_U   |dot_prod_kernel_local_a_0  |        1|  0|   0|    32|   32|     1|         1024|
    |local_c_84_U   |dot_prod_kernel_local_a_0  |        1|  0|   0|    32|   32|     1|         1024|
    |local_c_85_U   |dot_prod_kernel_local_a_0  |        1|  0|   0|    32|   32|     1|         1024|
    |local_c_86_U   |dot_prod_kernel_local_a_0  |        1|  0|   0|    32|   32|     1|         1024|
    |local_c_87_U   |dot_prod_kernel_local_a_0  |        1|  0|   0|    32|   32|     1|         1024|
    |local_c_88_U   |dot_prod_kernel_local_a_0  |        1|  0|   0|    32|   32|     1|         1024|
    |local_c_89_U   |dot_prod_kernel_local_a_0  |        1|  0|   0|    32|   32|     1|         1024|
    |local_c_90_U   |dot_prod_kernel_local_a_0  |        1|  0|   0|    32|   32|     1|         1024|
    |local_c_91_U   |dot_prod_kernel_local_a_0  |        1|  0|   0|    32|   32|     1|         1024|
    |local_c_92_U   |dot_prod_kernel_local_a_0  |        1|  0|   0|    32|   32|     1|         1024|
    |local_c_93_U   |dot_prod_kernel_local_a_0  |        1|  0|   0|    32|   32|     1|         1024|
    |local_c_94_U   |dot_prod_kernel_local_a_0  |        1|  0|   0|    32|   32|     1|         1024|
    |local_c_95_U   |dot_prod_kernel_local_a_0  |        1|  0|   0|    32|   32|     1|         1024|
    |local_c_96_U   |dot_prod_kernel_local_a_0  |        1|  0|   0|    32|   32|     1|         1024|
    |local_c_97_U   |dot_prod_kernel_local_a_0  |        1|  0|   0|    32|   32|     1|         1024|
    |local_c_98_U   |dot_prod_kernel_local_a_0  |        1|  0|   0|    32|   32|     1|         1024|
    |local_c_99_U   |dot_prod_kernel_local_a_0  |        1|  0|   0|    32|   32|     1|         1024|
    |local_c_100_U  |dot_prod_kernel_local_a_0  |        1|  0|   0|    32|   32|     1|         1024|
    |local_c_101_U  |dot_prod_kernel_local_a_0  |        1|  0|   0|    32|   32|     1|         1024|
    |local_c_102_U  |dot_prod_kernel_local_a_0  |        1|  0|   0|    32|   32|     1|         1024|
    |local_c_103_U  |dot_prod_kernel_local_a_0  |        1|  0|   0|    32|   32|     1|         1024|
    |local_c_104_U  |dot_prod_kernel_local_a_0  |        1|  0|   0|    32|   32|     1|         1024|
    |local_c_105_U  |dot_prod_kernel_local_a_0  |        1|  0|   0|    32|   32|     1|         1024|
    |local_c_106_U  |dot_prod_kernel_local_a_0  |        1|  0|   0|    32|   32|     1|         1024|
    |local_c_107_U  |dot_prod_kernel_local_a_0  |        1|  0|   0|    32|   32|     1|         1024|
    |local_c_108_U  |dot_prod_kernel_local_a_0  |        1|  0|   0|    32|   32|     1|         1024|
    |local_c_109_U  |dot_prod_kernel_local_a_0  |        1|  0|   0|    32|   32|     1|         1024|
    |local_c_110_U  |dot_prod_kernel_local_a_0  |        1|  0|   0|    32|   32|     1|         1024|
    |local_c_111_U  |dot_prod_kernel_local_a_0  |        1|  0|   0|    32|   32|     1|         1024|
    |local_c_112_U  |dot_prod_kernel_local_a_0  |        1|  0|   0|    32|   32|     1|         1024|
    |local_c_113_U  |dot_prod_kernel_local_a_0  |        1|  0|   0|    32|   32|     1|         1024|
    |local_c_114_U  |dot_prod_kernel_local_a_0  |        1|  0|   0|    32|   32|     1|         1024|
    |local_c_115_U  |dot_prod_kernel_local_a_0  |        1|  0|   0|    32|   32|     1|         1024|
    |local_c_116_U  |dot_prod_kernel_local_a_0  |        1|  0|   0|    32|   32|     1|         1024|
    |local_c_117_U  |dot_prod_kernel_local_a_0  |        1|  0|   0|    32|   32|     1|         1024|
    |local_c_118_U  |dot_prod_kernel_local_a_0  |        1|  0|   0|    32|   32|     1|         1024|
    |local_c_119_U  |dot_prod_kernel_local_a_0  |        1|  0|   0|    32|   32|     1|         1024|
    |local_c_120_U  |dot_prod_kernel_local_a_0  |        1|  0|   0|    32|   32|     1|         1024|
    |local_c_121_U  |dot_prod_kernel_local_a_0  |        1|  0|   0|    32|   32|     1|         1024|
    |local_c_122_U  |dot_prod_kernel_local_a_0  |        1|  0|   0|    32|   32|     1|         1024|
    |local_c_123_U  |dot_prod_kernel_local_a_0  |        1|  0|   0|    32|   32|     1|         1024|
    |local_c_124_U  |dot_prod_kernel_local_a_0  |        1|  0|   0|    32|   32|     1|         1024|
    |local_c_125_U  |dot_prod_kernel_local_a_0  |        1|  0|   0|    32|   32|     1|         1024|
    |local_c_126_U  |dot_prod_kernel_local_a_0  |        1|  0|   0|    32|   32|     1|         1024|
    |local_c_127_U  |dot_prod_kernel_local_a_0  |        1|  0|   0|    32|   32|     1|         1024|
    +---------------+---------------------------+---------+---+----+------+-----+------+-------------+
    |Total          |                           |      384|  0|   0| 12288|12288|   384|       393216|
    +---------------+---------------------------+---------+---+----+------+-----+------+-------------+

    * FIFO: 
    N/A

    * Expression: 
    +----------------------------+----------+-------+---+----+------------+------------+
    |        Variable Name       | Operation| DSP48E| FF| LUT| Bitwidth P0| Bitwidth P1|
    +----------------------------+----------+-------+---+----+------------+------------+
    |i_4_fu_9657_p2              |     +    |      0|  0|  20|          13|           1|
    |i_5_fu_9817_p2              |     +    |      0|  0|  20|          13|           1|
    |i_7_fu_10338_p2             |     +    |      0|  0|  39|          32|           1|
    |i_8_fu_11287_p2             |     +    |      0|  0|  39|           1|          32|
    |j_fu_10053_p2               |     +    |      0|  0|  39|          32|           6|
    |num_elems_op_op_fu_9975_p2  |     +    |      0|  0|  39|          32|           5|
    |p_neg_fu_9988_p2            |     -    |      0|  0|  39|           6|          32|
    |p_neg_t_fu_10003_p2         |     -    |      0|  0|  34|           1|          27|
    |ap_block_pp0_stage0_11001   |    and   |      0|  0|   2|           1|           1|
    |ap_block_pp1_stage0_11001   |    and   |      0|  0|   2|           1|           1|
    |ap_block_state23_io         |    and   |      0|  0|   2|           1|           1|
    |tmp_1_fu_9652_p2            |   icmp   |      0|  0|  20|          32|          32|
    |tmp_25_fu_10048_p2          |   icmp   |      0|  0|  20|          32|          32|
    |tmp_4_fu_9812_p2            |   icmp   |      0|  0|  20|          32|          32|
    |tmp_6_fu_10871_p2           |   icmp   |      0|  0|  20|          32|          32|
    |tmp_9_fu_10059_p2           |   icmp   |      0|  0|  20|          32|          32|
    |tmp_22_fu_10019_p3          |  select  |      0|  0|  27|           1|          27|
    |tmp_23_fu_10027_p3          |  select  |      0|  0|  27|           1|           1|
    |ap_enable_pp0               |    xor   |      0|  0|   2|           1|           2|
    |ap_enable_pp1               |    xor   |      0|  0|   2|           1|           2|
    |ap_enable_pp2               |    xor   |      0|  0|   2|           1|           2|
    |ap_enable_pp3               |    xor   |      0|  0|   2|           1|           2|
    |ap_enable_reg_pp0_iter1     |    xor   |      0|  0|   2|           2|           1|
    |ap_enable_reg_pp1_iter1     |    xor   |      0|  0|   2|           2|           1|
    |ap_enable_reg_pp2_iter1     |    xor   |      0|  0|   2|           2|           1|
    |ap_enable_reg_pp3_iter1     |    xor   |      0|  0|   2|           2|           1|
    +----------------------------+----------+-------+---+----+------------+------------+
    |Total                       |          |      0|  0| 445|         307|         308|
    +----------------------------+----------+-------+---+----+------------+------------+

    * Multiplexer: 
    +-------------------------------+-----+-----------+-----+-----------+
    |              Name             | LUT | Input Size| Bits| Total Bits|
    +-------------------------------+-----+-----------+-----+-----------+
    |ap_NS_fsm                      |  165|         37|    1|         37|
    |ap_enable_reg_pp0_iter1        |    9|          2|    1|          2|
    |ap_enable_reg_pp0_iter2        |    9|          2|    1|          2|
    |ap_enable_reg_pp1_iter1        |    9|          2|    1|          2|
    |ap_enable_reg_pp1_iter2        |    9|          2|    1|          2|
    |ap_enable_reg_pp2_iter1        |    9|          2|    1|          2|
    |ap_enable_reg_pp2_iter8        |    9|          2|    1|          2|
    |ap_enable_reg_pp3_iter1        |   15|          3|    1|          3|
    |ap_phi_mux_i_3_phi_fu_9567_p4  |    9|          2|   32|         64|
    |ap_sig_ioackin_gmem_ARREADY    |    9|          2|    1|          2|
    |ap_sig_ioackin_gmem_AWREADY    |    9|          2|    1|          2|
    |ap_sig_ioackin_gmem_WREADY     |    9|          2|    1|          2|
    |gmem_ARADDR                    |   15|          3|   64|        192|
    |gmem_blk_n_AR                  |    9|          2|    1|          2|
    |gmem_blk_n_AW                  |    9|          2|    1|          2|
    |gmem_blk_n_B                   |    9|          2|    1|          2|
    |gmem_blk_n_R                   |    9|          2|    1|          2|
    |gmem_blk_n_W                   |    9|          2|    1|          2|
    |i_1_reg_9531                   |    9|          2|   13|         26|
    |i_2_reg_9554                   |    9|          2|   32|         64|
    |i_3_reg_9564                   |    9|          2|   32|         64|
    |i_6_reg_9542                   |    9|          2|   32|         64|
    |i_reg_9520                     |    9|          2|   13|         26|
    |local_a_0_address0             |   15|          3|    5|         15|
    |local_a_100_address0           |   15|          3|    5|         15|
    |local_a_101_address0           |   15|          3|    5|         15|
    |local_a_102_address0           |   15|          3|    5|         15|
    |local_a_103_address0           |   15|          3|    5|         15|
    |local_a_104_address0           |   15|          3|    5|         15|
    |local_a_105_address0           |   15|          3|    5|         15|
    |local_a_106_address0           |   15|          3|    5|         15|
    |local_a_107_address0           |   15|          3|    5|         15|
    |local_a_108_address0           |   15|          3|    5|         15|
    |local_a_109_address0           |   15|          3|    5|         15|
    |local_a_10_address0            |   15|          3|    5|         15|
    |local_a_110_address0           |   15|          3|    5|         15|
    |local_a_111_address0           |   15|          3|    5|         15|
    |local_a_112_address0           |   15|          3|    5|         15|
    |local_a_113_address0           |   15|          3|    5|         15|
    |local_a_114_address0           |   15|          3|    5|         15|
    |local_a_115_address0           |   15|          3|    5|         15|
    |local_a_116_address0           |   15|          3|    5|         15|
    |local_a_117_address0           |   15|          3|    5|         15|
    |local_a_118_address0           |   15|          3|    5|         15|
    |local_a_119_address0           |   15|          3|    5|         15|
    |local_a_11_address0            |   15|          3|    5|         15|
    |local_a_120_address0           |   15|          3|    5|         15|
    |local_a_121_address0           |   15|          3|    5|         15|
    |local_a_122_address0           |   15|          3|    5|         15|
    |local_a_123_address0           |   15|          3|    5|         15|
    |local_a_124_address0           |   15|          3|    5|         15|
    |local_a_125_address0           |   15|          3|    5|         15|
    |local_a_126_address0           |   15|          3|    5|         15|
    |local_a_127_address0           |   15|          3|    5|         15|
    |local_a_12_address0            |   15|          3|    5|         15|
    |local_a_13_address0            |   15|          3|    5|         15|
    |local_a_14_address0            |   15|          3|    5|         15|
    |local_a_15_address0            |   15|          3|    5|         15|
    |local_a_16_address0            |   15|          3|    5|         15|
    |local_a_17_address0            |   15|          3|    5|         15|
    |local_a_18_address0            |   15|          3|    5|         15|
    |local_a_19_address0            |   15|          3|    5|         15|
    |local_a_1_address0             |   15|          3|    5|         15|
    |local_a_20_address0            |   15|          3|    5|         15|
    |local_a_21_address0            |   15|          3|    5|         15|
    |local_a_22_address0            |   15|          3|    5|         15|
    |local_a_23_address0            |   15|          3|    5|         15|
    |local_a_24_address0            |   15|          3|    5|         15|
    |local_a_25_address0            |   15|          3|    5|         15|
    |local_a_26_address0            |   15|          3|    5|         15|
    |local_a_27_address0            |   15|          3|    5|         15|
    |local_a_28_address0            |   15|          3|    5|         15|
    |local_a_29_address0            |   15|          3|    5|         15|
    |local_a_2_address0             |   15|          3|    5|         15|
    |local_a_30_address0            |   15|          3|    5|         15|
    |local_a_31_address0            |   15|          3|    5|         15|
    |local_a_32_address0            |   15|          3|    5|         15|
    |local_a_33_address0            |   15|          3|    5|         15|
    |local_a_34_address0            |   15|          3|    5|         15|
    |local_a_35_address0            |   15|          3|    5|         15|
    |local_a_36_address0            |   15|          3|    5|         15|
    |local_a_37_address0            |   15|          3|    5|         15|
    |local_a_38_address0            |   15|          3|    5|         15|
    |local_a_39_address0            |   15|          3|    5|         15|
    |local_a_3_address0             |   15|          3|    5|         15|
    |local_a_40_address0            |   15|          3|    5|         15|
    |local_a_41_address0            |   15|          3|    5|         15|
    |local_a_42_address0            |   15|          3|    5|         15|
    |local_a_43_address0            |   15|          3|    5|         15|
    |local_a_44_address0            |   15|          3|    5|         15|
    |local_a_45_address0            |   15|          3|    5|         15|
    |local_a_46_address0            |   15|          3|    5|         15|
    |local_a_47_address0            |   15|          3|    5|         15|
    |local_a_48_address0            |   15|          3|    5|         15|
    |local_a_49_address0            |   15|          3|    5|         15|
    |local_a_4_address0             |   15|          3|    5|         15|
    |local_a_50_address0            |   15|          3|    5|         15|
    |local_a_51_address0            |   15|          3|    5|         15|
    |local_a_52_address0            |   15|          3|    5|         15|
    |local_a_53_address0            |   15|          3|    5|         15|
    |local_a_54_address0            |   15|          3|    5|         15|
    |local_a_55_address0            |   15|          3|    5|         15|
    |local_a_56_address0            |   15|          3|    5|         15|
    |local_a_57_address0            |   15|          3|    5|         15|
    |local_a_58_address0            |   15|          3|    5|         15|
    |local_a_59_address0            |   15|          3|    5|         15|
    |local_a_5_address0             |   15|          3|    5|         15|
    |local_a_60_address0            |   15|          3|    5|         15|
    |local_a_61_address0            |   15|          3|    5|         15|
    |local_a_62_address0            |   15|          3|    5|         15|
    |local_a_63_address0            |   15|          3|    5|         15|
    |local_a_64_address0            |   15|          3|    5|         15|
    |local_a_65_address0            |   15|          3|    5|         15|
    |local_a_66_address0            |   15|          3|    5|         15|
    |local_a_67_address0            |   15|          3|    5|         15|
    |local_a_68_address0            |   15|          3|    5|         15|
    |local_a_69_address0            |   15|          3|    5|         15|
    |local_a_6_address0             |   15|          3|    5|         15|
    |local_a_70_address0            |   15|          3|    5|         15|
    |local_a_71_address0            |   15|          3|    5|         15|
    |local_a_72_address0            |   15|          3|    5|         15|
    |local_a_73_address0            |   15|          3|    5|         15|
    |local_a_74_address0            |   15|          3|    5|         15|
    |local_a_75_address0            |   15|          3|    5|         15|
    |local_a_76_address0            |   15|          3|    5|         15|
    |local_a_77_address0            |   15|          3|    5|         15|
    |local_a_78_address0            |   15|          3|    5|         15|
    |local_a_79_address0            |   15|          3|    5|         15|
    |local_a_7_address0             |   15|          3|    5|         15|
    |local_a_80_address0            |   15|          3|    5|         15|
    |local_a_81_address0            |   15|          3|    5|         15|
    |local_a_82_address0            |   15|          3|    5|         15|
    |local_a_83_address0            |   15|          3|    5|         15|
    |local_a_84_address0            |   15|          3|    5|         15|
    |local_a_85_address0            |   15|          3|    5|         15|
    |local_a_86_address0            |   15|          3|    5|         15|
    |local_a_87_address0            |   15|          3|    5|         15|
    |local_a_88_address0            |   15|          3|    5|         15|
    |local_a_89_address0            |   15|          3|    5|         15|
    |local_a_8_address0             |   15|          3|    5|         15|
    |local_a_90_address0            |   15|          3|    5|         15|
    |local_a_91_address0            |   15|          3|    5|         15|
    |local_a_92_address0            |   15|          3|    5|         15|
    |local_a_93_address0            |   15|          3|    5|         15|
    |local_a_94_address0            |   15|          3|    5|         15|
    |local_a_95_address0            |   15|          3|    5|         15|
    |local_a_96_address0            |   15|          3|    5|         15|
    |local_a_97_address0            |   15|          3|    5|         15|
    |local_a_98_address0            |   15|          3|    5|         15|
    |local_a_99_address0            |   15|          3|    5|         15|
    |local_a_9_address0             |   15|          3|    5|         15|
    |local_b_0_address0             |   15|          3|    5|         15|
    |local_b_100_address0           |   15|          3|    5|         15|
    |local_b_101_address0           |   15|          3|    5|         15|
    |local_b_102_address0           |   15|          3|    5|         15|
    |local_b_103_address0           |   15|          3|    5|         15|
    |local_b_104_address0           |   15|          3|    5|         15|
    |local_b_105_address0           |   15|          3|    5|         15|
    |local_b_106_address0           |   15|          3|    5|         15|
    |local_b_107_address0           |   15|          3|    5|         15|
    |local_b_108_address0           |   15|          3|    5|         15|
    |local_b_109_address0           |   15|          3|    5|         15|
    |local_b_10_address0            |   15|          3|    5|         15|
    |local_b_110_address0           |   15|          3|    5|         15|
    |local_b_111_address0           |   15|          3|    5|         15|
    |local_b_112_address0           |   15|          3|    5|         15|
    |local_b_113_address0           |   15|          3|    5|         15|
    |local_b_114_address0           |   15|          3|    5|         15|
    |local_b_115_address0           |   15|          3|    5|         15|
    |local_b_116_address0           |   15|          3|    5|         15|
    |local_b_117_address0           |   15|          3|    5|         15|
    |local_b_118_address0           |   15|          3|    5|         15|
    |local_b_119_address0           |   15|          3|    5|         15|
    |local_b_11_address0            |   15|          3|    5|         15|
    |local_b_120_address0           |   15|          3|    5|         15|
    |local_b_121_address0           |   15|          3|    5|         15|
    |local_b_122_address0           |   15|          3|    5|         15|
    |local_b_123_address0           |   15|          3|    5|         15|
    |local_b_124_address0           |   15|          3|    5|         15|
    |local_b_125_address0           |   15|          3|    5|         15|
    |local_b_126_address0           |   15|          3|    5|         15|
    |local_b_127_address0           |   15|          3|    5|         15|
    |local_b_12_address0            |   15|          3|    5|         15|
    |local_b_13_address0            |   15|          3|    5|         15|
    |local_b_14_address0            |   15|          3|    5|         15|
    |local_b_15_address0            |   15|          3|    5|         15|
    |local_b_16_address0            |   15|          3|    5|         15|
    |local_b_17_address0            |   15|          3|    5|         15|
    |local_b_18_address0            |   15|          3|    5|         15|
    |local_b_19_address0            |   15|          3|    5|         15|
    |local_b_1_address0             |   15|          3|    5|         15|
    |local_b_20_address0            |   15|          3|    5|         15|
    |local_b_21_address0            |   15|          3|    5|         15|
    |local_b_22_address0            |   15|          3|    5|         15|
    |local_b_23_address0            |   15|          3|    5|         15|
    |local_b_24_address0            |   15|          3|    5|         15|
    |local_b_25_address0            |   15|          3|    5|         15|
    |local_b_26_address0            |   15|          3|    5|         15|
    |local_b_27_address0            |   15|          3|    5|         15|
    |local_b_28_address0            |   15|          3|    5|         15|
    |local_b_29_address0            |   15|          3|    5|         15|
    |local_b_2_address0             |   15|          3|    5|         15|
    |local_b_30_address0            |   15|          3|    5|         15|
    |local_b_31_address0            |   15|          3|    5|         15|
    |local_b_32_address0            |   15|          3|    5|         15|
    |local_b_33_address0            |   15|          3|    5|         15|
    |local_b_34_address0            |   15|          3|    5|         15|
    |local_b_35_address0            |   15|          3|    5|         15|
    |local_b_36_address0            |   15|          3|    5|         15|
    |local_b_37_address0            |   15|          3|    5|         15|
    |local_b_38_address0            |   15|          3|    5|         15|
    |local_b_39_address0            |   15|          3|    5|         15|
    |local_b_3_address0             |   15|          3|    5|         15|
    |local_b_40_address0            |   15|          3|    5|         15|
    |local_b_41_address0            |   15|          3|    5|         15|
    |local_b_42_address0            |   15|          3|    5|         15|
    |local_b_43_address0            |   15|          3|    5|         15|
    |local_b_44_address0            |   15|          3|    5|         15|
    |local_b_45_address0            |   15|          3|    5|         15|
    |local_b_46_address0            |   15|          3|    5|         15|
    |local_b_47_address0            |   15|          3|    5|         15|
    |local_b_48_address0            |   15|          3|    5|         15|
    |local_b_49_address0            |   15|          3|    5|         15|
    |local_b_4_address0             |   15|          3|    5|         15|
    |local_b_50_address0            |   15|          3|    5|         15|
    |local_b_51_address0            |   15|          3|    5|         15|
    |local_b_52_address0            |   15|          3|    5|         15|
    |local_b_53_address0            |   15|          3|    5|         15|
    |local_b_54_address0            |   15|          3|    5|         15|
    |local_b_55_address0            |   15|          3|    5|         15|
    |local_b_56_address0            |   15|          3|    5|         15|
    |local_b_57_address0            |   15|          3|    5|         15|
    |local_b_58_address0            |   15|          3|    5|         15|
    |local_b_59_address0            |   15|          3|    5|         15|
    |local_b_5_address0             |   15|          3|    5|         15|
    |local_b_60_address0            |   15|          3|    5|         15|
    |local_b_61_address0            |   15|          3|    5|         15|
    |local_b_62_address0            |   15|          3|    5|         15|
    |local_b_63_address0            |   15|          3|    5|         15|
    |local_b_64_address0            |   15|          3|    5|         15|
    |local_b_65_address0            |   15|          3|    5|         15|
    |local_b_66_address0            |   15|          3|    5|         15|
    |local_b_67_address0            |   15|          3|    5|         15|
    |local_b_68_address0            |   15|          3|    5|         15|
    |local_b_69_address0            |   15|          3|    5|         15|
    |local_b_6_address0             |   15|          3|    5|         15|
    |local_b_70_address0            |   15|          3|    5|         15|
    |local_b_71_address0            |   15|          3|    5|         15|
    |local_b_72_address0            |   15|          3|    5|         15|
    |local_b_73_address0            |   15|          3|    5|         15|
    |local_b_74_address0            |   15|          3|    5|         15|
    |local_b_75_address0            |   15|          3|    5|         15|
    |local_b_76_address0            |   15|          3|    5|         15|
    |local_b_77_address0            |   15|          3|    5|         15|
    |local_b_78_address0            |   15|          3|    5|         15|
    |local_b_79_address0            |   15|          3|    5|         15|
    |local_b_7_address0             |   15|          3|    5|         15|
    |local_b_80_address0            |   15|          3|    5|         15|
    |local_b_81_address0            |   15|          3|    5|         15|
    |local_b_82_address0            |   15|          3|    5|         15|
    |local_b_83_address0            |   15|          3|    5|         15|
    |local_b_84_address0            |   15|          3|    5|         15|
    |local_b_85_address0            |   15|          3|    5|         15|
    |local_b_86_address0            |   15|          3|    5|         15|
    |local_b_87_address0            |   15|          3|    5|         15|
    |local_b_88_address0            |   15|          3|    5|         15|
    |local_b_89_address0            |   15|          3|    5|         15|
    |local_b_8_address0             |   15|          3|    5|         15|
    |local_b_90_address0            |   15|          3|    5|         15|
    |local_b_91_address0            |   15|          3|    5|         15|
    |local_b_92_address0            |   15|          3|    5|         15|
    |local_b_93_address0            |   15|          3|    5|         15|
    |local_b_94_address0            |   15|          3|    5|         15|
    |local_b_95_address0            |   15|          3|    5|         15|
    |local_b_96_address0            |   15|          3|    5|         15|
    |local_b_97_address0            |   15|          3|    5|         15|
    |local_b_98_address0            |   15|          3|    5|         15|
    |local_b_99_address0            |   15|          3|    5|         15|
    |local_b_9_address0             |   15|          3|    5|         15|
    |local_c_0_address0             |   15|          3|    5|         15|
    |local_c_100_address0           |   15|          3|    5|         15|
    |local_c_101_address0           |   15|          3|    5|         15|
    |local_c_102_address0           |   15|          3|    5|         15|
    |local_c_103_address0           |   15|          3|    5|         15|
    |local_c_104_address0           |   15|          3|    5|         15|
    |local_c_105_address0           |   15|          3|    5|         15|
    |local_c_106_address0           |   15|          3|    5|         15|
    |local_c_107_address0           |   15|          3|    5|         15|
    |local_c_108_address0           |   15|          3|    5|         15|
    |local_c_109_address0           |   15|          3|    5|         15|
    |local_c_10_address0            |   15|          3|    5|         15|
    |local_c_110_address0           |   15|          3|    5|         15|
    |local_c_111_address0           |   15|          3|    5|         15|
    |local_c_112_address0           |   15|          3|    5|         15|
    |local_c_113_address0           |   15|          3|    5|         15|
    |local_c_114_address0           |   15|          3|    5|         15|
    |local_c_115_address0           |   15|          3|    5|         15|
    |local_c_116_address0           |   15|          3|    5|         15|
    |local_c_117_address0           |   15|          3|    5|         15|
    |local_c_118_address0           |   15|          3|    5|         15|
    |local_c_119_address0           |   15|          3|    5|         15|
    |local_c_11_address0            |   15|          3|    5|         15|
    |local_c_120_address0           |   15|          3|    5|         15|
    |local_c_121_address0           |   15|          3|    5|         15|
    |local_c_122_address0           |   15|          3|    5|         15|
    |local_c_123_address0           |   15|          3|    5|         15|
    |local_c_124_address0           |   15|          3|    5|         15|
    |local_c_125_address0           |   15|          3|    5|         15|
    |local_c_126_address0           |   15|          3|    5|         15|
    |local_c_127_address0           |   15|          3|    5|         15|
    |local_c_12_address0            |   15|          3|    5|         15|
    |local_c_13_address0            |   15|          3|    5|         15|
    |local_c_14_address0            |   15|          3|    5|         15|
    |local_c_15_address0            |   15|          3|    5|         15|
    |local_c_16_address0            |   15|          3|    5|         15|
    |local_c_17_address0            |   15|          3|    5|         15|
    |local_c_18_address0            |   15|          3|    5|         15|
    |local_c_19_address0            |   15|          3|    5|         15|
    |local_c_1_address0             |   15|          3|    5|         15|
    |local_c_20_address0            |   15|          3|    5|         15|
    |local_c_21_address0            |   15|          3|    5|         15|
    |local_c_22_address0            |   15|          3|    5|         15|
    |local_c_23_address0            |   15|          3|    5|         15|
    |local_c_24_address0            |   15|          3|    5|         15|
    |local_c_25_address0            |   15|          3|    5|         15|
    |local_c_26_address0            |   15|          3|    5|         15|
    |local_c_27_address0            |   15|          3|    5|         15|
    |local_c_28_address0            |   15|          3|    5|         15|
    |local_c_29_address0            |   15|          3|    5|         15|
    |local_c_2_address0             |   15|          3|    5|         15|
    |local_c_30_address0            |   15|          3|    5|         15|
    |local_c_31_address0            |   15|          3|    5|         15|
    |local_c_32_address0            |   15|          3|    5|         15|
    |local_c_33_address0            |   15|          3|    5|         15|
    |local_c_34_address0            |   15|          3|    5|         15|
    |local_c_35_address0            |   15|          3|    5|         15|
    |local_c_36_address0            |   15|          3|    5|         15|
    |local_c_37_address0            |   15|          3|    5|         15|
    |local_c_38_address0            |   15|          3|    5|         15|
    |local_c_39_address0            |   15|          3|    5|         15|
    |local_c_3_address0             |   15|          3|    5|         15|
    |local_c_40_address0            |   15|          3|    5|         15|
    |local_c_41_address0            |   15|          3|    5|         15|
    |local_c_42_address0            |   15|          3|    5|         15|
    |local_c_43_address0            |   15|          3|    5|         15|
    |local_c_44_address0            |   15|          3|    5|         15|
    |local_c_45_address0            |   15|          3|    5|         15|
    |local_c_46_address0            |   15|          3|    5|         15|
    |local_c_47_address0            |   15|          3|    5|         15|
    |local_c_48_address0            |   15|          3|    5|         15|
    |local_c_49_address0            |   15|          3|    5|         15|
    |local_c_4_address0             |   15|          3|    5|         15|
    |local_c_50_address0            |   15|          3|    5|         15|
    |local_c_51_address0            |   15|          3|    5|         15|
    |local_c_52_address0            |   15|          3|    5|         15|
    |local_c_53_address0            |   15|          3|    5|         15|
    |local_c_54_address0            |   15|          3|    5|         15|
    |local_c_55_address0            |   15|          3|    5|         15|
    |local_c_56_address0            |   15|          3|    5|         15|
    |local_c_57_address0            |   15|          3|    5|         15|
    |local_c_58_address0            |   15|          3|    5|         15|
    |local_c_59_address0            |   15|          3|    5|         15|
    |local_c_5_address0             |   15|          3|    5|         15|
    |local_c_60_address0            |   15|          3|    5|         15|
    |local_c_61_address0            |   15|          3|    5|         15|
    |local_c_62_address0            |   15|          3|    5|         15|
    |local_c_63_address0            |   15|          3|    5|         15|
    |local_c_64_address0            |   15|          3|    5|         15|
    |local_c_65_address0            |   15|          3|    5|         15|
    |local_c_66_address0            |   15|          3|    5|         15|
    |local_c_67_address0            |   15|          3|    5|         15|
    |local_c_68_address0            |   15|          3|    5|         15|
    |local_c_69_address0            |   15|          3|    5|         15|
    |local_c_6_address0             |   15|          3|    5|         15|
    |local_c_70_address0            |   15|          3|    5|         15|
    |local_c_71_address0            |   15|          3|    5|         15|
    |local_c_72_address0            |   15|          3|    5|         15|
    |local_c_73_address0            |   15|          3|    5|         15|
    |local_c_74_address0            |   15|          3|    5|         15|
    |local_c_75_address0            |   15|          3|    5|         15|
    |local_c_76_address0            |   15|          3|    5|         15|
    |local_c_77_address0            |   15|          3|    5|         15|
    |local_c_78_address0            |   15|          3|    5|         15|
    |local_c_79_address0            |   15|          3|    5|         15|
    |local_c_7_address0             |   15|          3|    5|         15|
    |local_c_80_address0            |   15|          3|    5|         15|
    |local_c_81_address0            |   15|          3|    5|         15|
    |local_c_82_address0            |   15|          3|    5|         15|
    |local_c_83_address0            |   15|          3|    5|         15|
    |local_c_84_address0            |   15|          3|    5|         15|
    |local_c_85_address0            |   15|          3|    5|         15|
    |local_c_86_address0            |   15|          3|    5|         15|
    |local_c_87_address0            |   15|          3|    5|         15|
    |local_c_88_address0            |   15|          3|    5|         15|
    |local_c_89_address0            |   15|          3|    5|         15|
    |local_c_8_address0             |   15|          3|    5|         15|
    |local_c_90_address0            |   15|          3|    5|         15|
    |local_c_91_address0            |   15|          3|    5|         15|
    |local_c_92_address0            |   15|          3|    5|         15|
    |local_c_93_address0            |   15|          3|    5|         15|
    |local_c_94_address0            |   15|          3|    5|         15|
    |local_c_95_address0            |   15|          3|    5|         15|
    |local_c_96_address0            |   15|          3|    5|         15|
    |local_c_97_address0            |   15|          3|    5|         15|
    |local_c_98_address0            |   15|          3|    5|         15|
    |local_c_99_address0            |   15|          3|    5|         15|
    |local_c_9_address0             |   15|          3|    5|         15|
    |temp_fu_2158                   |    9|          2|   32|         64|
    +-------------------------------+-----+-----------+-----+-----------+
    |Total                          | 6144|       1237| 2186|       6392|
    +-------------------------------+-----+-----------+-----+-----------+

    * Register: 
    +---------------------------------------+----+----+-----+-----------+
    |                  Name                 | FF | LUT| Bits| Const Bits|
    +---------------------------------------+----+----+-----+-----------+
    |ap_CS_fsm                              |  36|   0|   36|          0|
    |ap_enable_reg_pp0_iter0                |   1|   0|    1|          0|
    |ap_enable_reg_pp0_iter1                |   1|   0|    1|          0|
    |ap_enable_reg_pp0_iter2                |   1|   0|    1|          0|
    |ap_enable_reg_pp1_iter0                |   1|   0|    1|          0|
    |ap_enable_reg_pp1_iter1                |   1|   0|    1|          0|
    |ap_enable_reg_pp1_iter2                |   1|   0|    1|          0|
    |ap_enable_reg_pp2_iter0                |   1|   0|    1|          0|
    |ap_enable_reg_pp2_iter1                |   1|   0|    1|          0|
    |ap_enable_reg_pp2_iter2                |   1|   0|    1|          0|
    |ap_enable_reg_pp2_iter3                |   1|   0|    1|          0|
    |ap_enable_reg_pp2_iter4                |   1|   0|    1|          0|
    |ap_enable_reg_pp2_iter5                |   1|   0|    1|          0|
    |ap_enable_reg_pp2_iter6                |   1|   0|    1|          0|
    |ap_enable_reg_pp2_iter7                |   1|   0|    1|          0|
    |ap_enable_reg_pp2_iter8                |   1|   0|    1|          0|
    |ap_enable_reg_pp3_iter0                |   1|   0|    1|          0|
    |ap_enable_reg_pp3_iter1                |   1|   0|    1|          0|
    |ap_reg_ioackin_gmem_ARREADY            |   1|   0|    1|          0|
    |ap_reg_ioackin_gmem_AWREADY            |   1|   0|    1|          0|
    |ap_reg_ioackin_gmem_WREADY             |   1|   0|    1|          0|
    |ap_rst_n_inv                           |   1|   0|    1|          0|
    |ap_rst_reg_1                           |   1|   0|    1|          0|
    |ap_rst_reg_2                           |   1|   0|    1|          0|
    |arrayNo1_cast_reg_11486                |   8|   0|    8|          0|
    |arrayNo1_cast_reg_11486_pp1_iter1_reg  |   8|   0|    8|          0|
    |arrayNo2_reg_11654                     |  27|   0|   27|          0|
    |arrayNo3_reg_13222                     |  27|   0|   27|          0|
    |arrayNo_cast_reg_11336                 |   8|   0|    8|          0|
    |arrayNo_cast_reg_11336_pp0_iter1_reg   |   8|   0|    8|          0|
    |gmem_addr_1_read_reg_11495             |  32|   0|   32|          0|
    |gmem_addr_1_reg_11315                  |  62|   0|   64|          2|
    |gmem_addr_2_read_reg_11345             |  32|   0|   32|          0|
    |gmem_addr_2_reg_11321                  |  62|   0|   64|          2|
    |gmem_addr_reg_11309                    |  62|   0|   64|          2|
    |i_1_reg_9531                           |  13|   0|   13|          0|
    |i_2_reg_9554                           |  32|   0|   32|          0|
    |i_3_reg_9564                           |  32|   0|   32|          0|
    |i_6_reg_9542                           |  32|   0|   32|          0|
    |i_8_reg_13877                          |  32|   0|   32|          0|
    |i_reg_9520                             |  13|   0|   13|          0|
    |j_reg_11643                            |  32|   0|   32|          0|
    |newIndex2_reg_11659                    |   5|   0|   64|         59|
    |num_elems_read_reg_11298               |  32|   0|   32|          0|
    |temp_fu_2158                           |  32|   0|   32|          0|
    |tmp_11_reg_11340                       |   5|   0|    5|          0|
    |tmp_11_reg_11340_pp0_iter1_reg         |   5|   0|    5|          0|
    |tmp_12_reg_11490                       |   5|   0|    5|          0|
    |tmp_12_reg_11490_pp1_iter1_reg         |   5|   0|    5|          0|
    |tmp_14_reg_13076                       |  32|   0|   32|          0|
    |tmp_15_reg_13081                       |  32|   0|   32|          0|
    |tmp_16_reg_13867                       |  32|   0|   32|          0|
    |tmp_24_reg_11634                       |  27|   0|   32|          5|
    |tmp_3_reg_13086                        |  32|   0|   32|          0|
    |tmp_6_reg_13218                        |   1|   0|    1|          0|
    |tmp_6_reg_13218_pp3_iter1_reg          |   1|   0|    1|          0|
    |arrayNo2_reg_11654                     |  64|  32|   27|          0|
    |newIndex2_reg_11659                    |  64|  32|   64|         59|
    +---------------------------------------+----+----+-----+-----------+
    |Total                                  | 955|  64|  988|        129|
    +---------------------------------------+----+----+-----+-----------+



================================================================
== Interface
================================================================
* Summary: 
+-----------------------+-----+-----+------------+-----------------+--------------+
|       RTL Ports       | Dir | Bits|  Protocol  |  Source Object  |    C Type    |
+-----------------------+-----+-----+------------+-----------------+--------------+
|s_axi_control_AWVALID  |  in |    1|    s_axi   |     control     |    scalar    |
|s_axi_control_AWREADY  | out |    1|    s_axi   |     control     |    scalar    |
|s_axi_control_AWADDR   |  in |    6|    s_axi   |     control     |    scalar    |
|s_axi_control_WVALID   |  in |    1|    s_axi   |     control     |    scalar    |
|s_axi_control_WREADY   | out |    1|    s_axi   |     control     |    scalar    |
|s_axi_control_WDATA    |  in |   32|    s_axi   |     control     |    scalar    |
|s_axi_control_WSTRB    |  in |    4|    s_axi   |     control     |    scalar    |
|s_axi_control_ARVALID  |  in |    1|    s_axi   |     control     |    scalar    |
|s_axi_control_ARREADY  | out |    1|    s_axi   |     control     |    scalar    |
|s_axi_control_ARADDR   |  in |    6|    s_axi   |     control     |    scalar    |
|s_axi_control_RVALID   | out |    1|    s_axi   |     control     |    scalar    |
|s_axi_control_RREADY   |  in |    1|    s_axi   |     control     |    scalar    |
|s_axi_control_RDATA    | out |   32|    s_axi   |     control     |    scalar    |
|s_axi_control_RRESP    | out |    2|    s_axi   |     control     |    scalar    |
|s_axi_control_BVALID   | out |    1|    s_axi   |     control     |    scalar    |
|s_axi_control_BREADY   |  in |    1|    s_axi   |     control     |    scalar    |
|s_axi_control_BRESP    | out |    2|    s_axi   |     control     |    scalar    |
|ap_clk                 |  in |    1| ap_ctrl_hs | dot_prod_kernel | return value |
|ap_rst_n               |  in |    1| ap_ctrl_hs | dot_prod_kernel | return value |
|interrupt              | out |    1| ap_ctrl_hs | dot_prod_kernel | return value |
|m_axi_gmem_AWVALID     | out |    1|    m_axi   |       gmem      |    pointer   |
|m_axi_gmem_AWREADY     |  in |    1|    m_axi   |       gmem      |    pointer   |
|m_axi_gmem_AWADDR      | out |   64|    m_axi   |       gmem      |    pointer   |
|m_axi_gmem_AWID        | out |    1|    m_axi   |       gmem      |    pointer   |
|m_axi_gmem_AWLEN       | out |    8|    m_axi   |       gmem      |    pointer   |
|m_axi_gmem_AWSIZE      | out |    3|    m_axi   |       gmem      |    pointer   |
|m_axi_gmem_AWBURST     | out |    2|    m_axi   |       gmem      |    pointer   |
|m_axi_gmem_AWLOCK      | out |    2|    m_axi   |       gmem      |    pointer   |
|m_axi_gmem_AWCACHE     | out |    4|    m_axi   |       gmem      |    pointer   |
|m_axi_gmem_AWPROT      | out |    3|    m_axi   |       gmem      |    pointer   |
|m_axi_gmem_AWQOS       | out |    4|    m_axi   |       gmem      |    pointer   |
|m_axi_gmem_AWREGION    | out |    4|    m_axi   |       gmem      |    pointer   |
|m_axi_gmem_AWUSER      | out |    1|    m_axi   |       gmem      |    pointer   |
|m_axi_gmem_WVALID      | out |    1|    m_axi   |       gmem      |    pointer   |
|m_axi_gmem_WREADY      |  in |    1|    m_axi   |       gmem      |    pointer   |
|m_axi_gmem_WDATA       | out |   32|    m_axi   |       gmem      |    pointer   |
|m_axi_gmem_WSTRB       | out |    4|    m_axi   |       gmem      |    pointer   |
|m_axi_gmem_WLAST       | out |    1|    m_axi   |       gmem      |    pointer   |
|m_axi_gmem_WID         | out |    1|    m_axi   |       gmem      |    pointer   |
|m_axi_gmem_WUSER       | out |    1|    m_axi   |       gmem      |    pointer   |
|m_axi_gmem_ARVALID     | out |    1|    m_axi   |       gmem      |    pointer   |
|m_axi_gmem_ARREADY     |  in |    1|    m_axi   |       gmem      |    pointer   |
|m_axi_gmem_ARADDR      | out |   64|    m_axi   |       gmem      |    pointer   |
|m_axi_gmem_ARID        | out |    1|    m_axi   |       gmem      |    pointer   |
|m_axi_gmem_ARLEN       | out |    8|    m_axi   |       gmem      |    pointer   |
|m_axi_gmem_ARSIZE      | out |    3|    m_axi   |       gmem      |    pointer   |
|m_axi_gmem_ARBURST     | out |    2|    m_axi   |       gmem      |    pointer   |
|m_axi_gmem_ARLOCK      | out |    2|    m_axi   |       gmem      |    pointer   |
|m_axi_gmem_ARCACHE     | out |    4|    m_axi   |       gmem      |    pointer   |
|m_axi_gmem_ARPROT      | out |    3|    m_axi   |       gmem      |    pointer   |
|m_axi_gmem_ARQOS       | out |    4|    m_axi   |       gmem      |    pointer   |
|m_axi_gmem_ARREGION    | out |    4|    m_axi   |       gmem      |    pointer   |
|m_axi_gmem_ARUSER      | out |    1|    m_axi   |       gmem      |    pointer   |
|m_axi_gmem_RVALID      |  in |    1|    m_axi   |       gmem      |    pointer   |
|m_axi_gmem_RREADY      | out |    1|    m_axi   |       gmem      |    pointer   |
|m_axi_gmem_RDATA       |  in |   32|    m_axi   |       gmem      |    pointer   |
|m_axi_gmem_RLAST       |  in |    1|    m_axi   |       gmem      |    pointer   |
|m_axi_gmem_RID         |  in |    1|    m_axi   |       gmem      |    pointer   |
|m_axi_gmem_RUSER       |  in |    1|    m_axi   |       gmem      |    pointer   |
|m_axi_gmem_RRESP       |  in |    2|    m_axi   |       gmem      |    pointer   |
|m_axi_gmem_BVALID      |  in |    1|    m_axi   |       gmem      |    pointer   |
|m_axi_gmem_BREADY      | out |    1|    m_axi   |       gmem      |    pointer   |
|m_axi_gmem_BRESP       |  in |    2|    m_axi   |       gmem      |    pointer   |
|m_axi_gmem_BID         |  in |    1|    m_axi   |       gmem      |    pointer   |
|m_axi_gmem_BUSER       |  in |    1|    m_axi   |       gmem      |    pointer   |
+-----------------------+-----+-----+------------+-----------------+--------------+

